{"source_id": "source.bok.ecos", "operation_index": 0, "checked_at": "2026-10-07T05:36:49.152782+00:00", "status": "complete", "count": 43, "filters": {"stat_code": "722Y001", "cycle": "D", "item_code": "0101000", "start": "20260823", "end": "20261007"}}
{"source_id": "source.data.go.kr.kinfa-loan-products", "operation_index": 0, "checked_at": "2026-10-07T05:36:49.150977+00:00", "status": "complete", "count": 318, "filters": {}}
{"source_id": "source.data.go.kr.kinfa-loan-handling-agencies", "operation_index": 0, "checked_at": "2026-10-07T05:36:49.158935+00:00", "status": "complete", "count": 657, "filters": {}}
{"source_id": "source.data.go.kr.kinfa-support-centers", "operation_index": 0, "checked_at": "2026-10-07T05:36:49.734871+00:00", "status": "complete", "count": 216, "filters": {}}
{"source_id": "source.fsc.financial-company-credit", "operation_index": 0, "checked_at": "2026-10-07T05:36:51.063698+00:00", "status": "complete", "count": 774, "filters": {"bizYear": "2025"}}
{"source_id": "source.fsc.domestic-bank-statistics", "operation_index": 0, "checked_at": "2026-10-07T05:36:50.640580+00:00", "status": "complete", "count": 979, "filters": {"basYm": "202606"}}
{"source_id": "source.fsc.financial-company-credit", "operation_index": 1, "checked_at": "2026-10-07T05:36:52.869159+00:00", "status": "complete", "count": 87, "filters": {"bizYear": "2025"}}
{"source_id": "source.fsc.financial-investment-statistics", "operation_index": 0, "checked_at": "2026-10-07T05:36:53.247916+00:00", "status": "complete", "count": 330, "filters": {"basYm": "202607"}}
{"source_id": "source.fsc.financial-company-credit", "operation_index": 2, "checked_at": "2026-10-07T05:36:52.956490+00:00", "status": "complete", "count": 435, "filters": {"bizYear": "2025"}}
{"source_id": "source.fsc.financial-investment-statistics", "operation_index": 1, "checked_at": "2026-10-07T05:36:53.775142+00:00", "status": "complete", "count": 25, "filters": {"basDt": "20261002"}}
{"source_id": "source.fsc.financial-investment-statistics", "operation_index": 2, "checked_at": "2026-10-07T05:36:53.886293+00:00", "status": "complete", "count": 12, "filters": {"basDt": "20261002"}}
{"source_id": "source.fsc.financial-investment-statistics", "operation_index": 3, "checked_at": "2026-10-07T05:36:53.993091+00:00", "status": "complete", "count": 1, "filters": {"basDt": "20261002"}}
{"source_id": "source.fsc.financial-investment-statistics", "operation_index": 4, "checked_at": "2026-10-07T05:36:54.100844+00:00", "status": "complete", "count": 1, "filters": {"basDt": "20261002"}}
{"source_id": "source.fsc.financial-investment-statistics", "operation_index": 5, "checked_at": "2026-10-07T05:36:54.242649+00:00", "status": "complete", "count": 21, "filters": {"basDt": "202608"}}
{"source_id": "source.fsc.financial-investment-statistics", "operation_index": 6, "checked_at": "2026-10-07T05:36:54.324144+00:00", "status": "complete", "count": 21, "filters": {"basDt": "202608"}}
{"source_id": "source.fsc.fund-products-basic", "operation_index": 0, "checked_at": "2026-10-07T05:36:54.531986+00:00", "status": "complete", "count": 206, "filters": {"basDt": "20261007"}}
{"source_id": "source.fsc.inclusive-finance-performance", "operation_index": 0, "checked_at": "2026-10-07T05:36:55.220668+00:00", "status": "complete", "count": 201, "filters": {}}
{"source_id": "source.fsc.inclusive-finance-performance", "operation_index": 1, "checked_at": "2026-10-07T05:36:55.525176+00:00", "status": "complete", "count": 201, "filters": {}}
{"source_id": "source.fsc.inclusive-finance-products", "operation_index": 0, "checked_at": "2026-10-07T05:36:55.850520+00:00", "status": "complete", "count": 329, "filters": {"basYm": "202609"}}
{"source_id": "source.fsc.financial-investment-statistics", "operation_index": 7, "checked_at": "2026-10-07T05:36:54.464625+00:00", "status": "complete", "count": 1841, "filters": {"basDt": "202608"}}
{"source_id": "source.fsc.retirement-pension-basic", "operation_index": 0, "checked_at": "2026-10-07T05:36:58.077831+00:00", "status": "complete", "count": 150, "filters": {"basDt": "20260930"}}
{"source_id": "source.fsc.medical-reimbursement-insurance", "operation_index": 0, "checked_at": "2026-10-07T05:36:57.377408+00:00", "status": "complete", "count": 2224, "filters": {"basDt": "20260921"}}
{"source_id": "source.hf.bogeumjari-openapi", "operation_index": 0, "checked_at": "2026-10-07T05:37:04.087859+00:00", "status": "complete", "count": 1, "filters": {}}
{"source_id": "source.fsc.financial-company-basic", "operation_index": 0, "checked_at": "2026-10-07T05:36:50.848801+00:00", "status": "complete", "count": 1104, "filters": {"basDt": "20260922"}}
{"source_id": "source.fsc.variable-insurance-info", "operation_index": 0, "checked_at": "2026-10-07T05:37:00.962914+00:00", "status": "failed", "error_type": "TimeoutError"}
{"source_id": "source.kdic.insured-products", "operation_index": 1, "checked_at": "2026-10-07T05:37:20.972819+00:00", "status": "complete", "count": 284, "filters": {}}
Collected page 25: 25000/45226
{"source_id": "source.kdic.insured-products", "operation_index": 0, "checked_at": "2026-10-07T05:37:04.554838+00:00", "status": "complete", "count": 45226, "filters": {}}
